
> expensa@1.0.0 build
> next build

   ▲ Next.js 15.5.12
   - Environments: .env.local

   Creating an optimized production build ...
 ⚠ Compiled with warnings in 556ms

./node_modules/jose/dist/webapi/lib/deflate.js
A Node.js API is used (CompressionStream at line: 10) which is not supported in the Edge Runtime.
Learn more: https://nextjs.org/docs/api-reference/edge-runtime

Import trace for requested module:
./node_modules/jose/dist/webapi/lib/deflate.js
./node_modules/jose/dist/webapi/jwe/flattened/decrypt.js
./node_modules/jose/dist/webapi/index.js
./node_modules/@auth/core/jwt.js
./node_modules/@auth/core/lib/init.js
./node_modules/@auth/core/lib/index.js
./node_modules/@auth/core/index.js
./node_modules/next-auth/index.js
./src/lib/auth.ts

./node_modules/jose/dist/webapi/lib/deflate.js
A Node.js API is used (DecompressionStream at line: 26) which is not supported in the Edge Runtime.
Learn more: https://nextjs.org/docs/api-reference/edge-runtime

Import trace for requested module:
./node_modules/jose/dist/webapi/lib/deflate.js
./node_modules/jose/dist/webapi/jwe/flattened/decrypt.js
./node_modules/jose/dist/webapi/index.js
./node_modules/@auth/core/jwt.js
./node_modules/@auth/core/lib/init.js
./node_modules/@auth/core/lib/index.js
./node_modules/@auth/core/index.js
./node_modules/next-auth/index.js
./src/lib/auth.ts

 ✓ Compiled successfully in 10.1s
   Linting and checking validity of types ...
   Collecting page data ...
   Generating static pages (0/11) ...
   Generating static pages (2/11) 
   Generating static pages (5/11) 
   Generating static pages (8/11) 
 ✓ Generating static pages (11/11)
   Finalizing page optimization ...
   Collecting build traces ...

Route (app)                                 Size  First Load JS
┌ ○ /                                    11.9 kB         117 kB
├ ○ /_not-found                            991 B         103 kB
├ ƒ /api/auth/[...nextauth]                145 B         102 kB
├ ƒ /api/cron/keep-alive                   145 B         102 kB
├ ƒ /api/debug-env                         145 B         102 kB
├ ƒ /api/receipts                          145 B         102 kB
├ ƒ /api/receipts/[id]                     145 B         102 kB
├ ƒ /api/receipts/email                    145 B         102 kB
├ ƒ /api/receipts/process                  145 B         102 kB
├ ƒ /api/stats                             145 B         102 kB
├ ○ /login                               2.54 kB         108 kB
└ ƒ /receipts/[id]                         145 B         102 kB
+ First Load JS shared by all             102 kB
  ├ chunks/255-ebd51be49873d76c.js         46 kB
  ├ chunks/4bd1b696-c023c6e3521b1417.js  54.2 kB
  └ other shared chunks (total)           1.9 kB


ƒ Middleware                             87.3 kB

○  (Static)   prerendered as static content
ƒ  (Dynamic)  server-rendered on demand

